
Allocating common symbols
Common symbol       size              file

uniit_var           0x3               main.o

Memory Configuration

Name             Origin             Length             Attributes
flash            0x08000000         0x00020000         xr
sram             0x20000000         0x00005000         xrw
*default*        0x00000000         0xffffffff

Linker script and memory map


.text           0x08000000      0x190
 *(.vectors*)
 .vectors       0x08000000       0x1c starup.o
                0x08000000                vectors
 *(.text*)
 .text          0x0800001c       0xb4 main.o
                0x0800001c                main
 .text          0x080000d0       0xbc starup.o
                0x080000d0                Reset_Handler
                0x08000180                MM_Fault_Handler
                0x08000180                Default_Handler
                0x08000180                H_fault_Handler
                0x08000180                Usage_Fault_Handler
                0x08000180                Bus_Handler
                0x08000180                NMI_Handler
 *(.rodata)
 .rodata        0x0800018c        0x4 main.o
                0x0800018c                const_var
                0x08000190                . = ALIGN (0x4)
                0x08000190                _E_text = .

.glue_7         0x08000190        0x0
 .glue_7        0x00000000        0x0 linker stubs

.glue_7t        0x08000190        0x0
 .glue_7t       0x00000000        0x0 linker stubs

.vfp11_veneer   0x08000190        0x0
 .vfp11_veneer  0x00000000        0x0 linker stubs

.v4_bx          0x08000190        0x0
 .v4_bx         0x00000000        0x0 linker stubs

.iplt           0x08000190        0x0
 .iplt          0x00000000        0x0 main.o

.rel.dyn        0x08000190        0x0
 .rel.iplt      0x00000000        0x0 main.o

.data           0x20000000        0x4 load address 0x08000190
                0x20000000                _S_data = .
 *(.data)
 .data          0x20000000        0x4 main.o
                0x20000000                init_var
 .data          0x20000004        0x0 starup.o
                0x20000004                . = ALIGN (0x4)
                0x20000004                _E_data = .

.igot.plt       0x20000004        0x0 load address 0x08000194
 .igot.plt      0x00000000        0x0 main.o

.bss            0x20000004        0x3 load address 0x08000194
                0x20000004                _S_bss = .
 *(.bss*)
 .bss           0x20000004        0x0 main.o
 .bss           0x20000004        0x0 starup.o
                0x20000004                . = ALIGN (0x4)
                0x20000004                _E_bss = .
 COMMON         0x20000004        0x3 main.o
                0x20000004                uniit_var
                0x20001007                . = (. + 0x1000)
                0x20001008                . = ALIGN (0x4)
                0x20001008                _stack_top = .
LOAD main.o
LOAD starup.o
OUTPUT(lab2.elf elf32-littlearm)

.debug_info     0x00000000      0x200
 .debug_info    0x00000000       0xc8 main.o
 .debug_info    0x000000c8      0x138 starup.o

.debug_abbrev   0x00000000      0x157
 .debug_abbrev  0x00000000       0x93 main.o
 .debug_abbrev  0x00000093       0xc4 starup.o

.debug_loc      0x00000000       0x9c
 .debug_loc     0x00000000       0x38 main.o
 .debug_loc     0x00000038       0x64 starup.o

.debug_aranges  0x00000000       0x40
 .debug_aranges
                0x00000000       0x20 main.o
 .debug_aranges
                0x00000020       0x20 starup.o

.debug_line     0x00000000       0xbc
 .debug_line    0x00000000       0x56 main.o
 .debug_line    0x00000056       0x66 starup.o

.debug_str      0x00000000      0x114
 .debug_str     0x00000000       0x95 main.o
 .debug_str     0x00000095       0x7f starup.o
                                 0xea (size before relaxing)

.comment        0x00000000       0x11
 .comment       0x00000000       0x11 main.o
                                 0x12 (size before relaxing)
 .comment       0x00000000       0x12 starup.o

.ARM.attributes
                0x00000000       0x33
 .ARM.attributes
                0x00000000       0x33 main.o
 .ARM.attributes
                0x00000033       0x33 starup.o

.debug_frame    0x00000000       0x78
 .debug_frame   0x00000000       0x2c main.o
 .debug_frame   0x0000002c       0x4c starup.o
